// Jest Snapshot v1, https://goo.gl/fbAQLP

exports[`UI: MarkdownPreview Example editor output 1`] = `
"<h2>Heading 1</h2>
<h3>Heading 2</h3>
<h4>Heading 3</h4>
<ul>
<li>ui 1
<ul>
<li>ul 1.1
<ul>
<li>ul 1.1.1</li>
</ul>
</li>
<li>ul 1.2</li>
</ul>
</li>
<li>ul 2</li>
</ul>
<ol>
<li>ol 1</li>
<li>ol 2</li>
</ol>
<blockquote>
<p>A quote</p>
</blockquote>"
`;
